INFO         | Android emulator version 37.2.12.0 (build_id 16428233) (CL:N/A)
INFO         | Graphics backend: gfxstream
INFO         | Found systemPath /usr/local/lib/android/sdk/system-images/android-34/google_apis_playstore/x86_64/
INFO         | Saving last run QEMU version for the AVD to 2
INFO         | Increasing RAM size to 2560MB
INFO         | Guest GLES Driver: Auto (ext controls)
INFO         | emuglConfig_init: vulkan_mode_selected:swiftshader gles_mode_selected:swiftshader
INFO         | Checking system compatibility:
INFO         |   Checking: hasSufficientDiskSpace
INFO         |      Ok: Disk space requirements to run avd: `lab` are met
INFO         |   Checking: hasSufficientHwGpu
INFO         |      Ok: Hardware GPU compatibility checks are not required
INFO         |   Checking: hasSufficientSystem
INFO         |      Ok: System requirements to run avd: `lab` are met
WARNING      | Feature QuickbootFileBacked is disabled due to stability issues, if you really want that, the environment variable ANDROID_EMU_FORCE_QUICKBOOT_FILE_BACKED need to set to 1
INFO         | Storing crashdata in: /tmp/android-runner/emu-crash-37.2.12.db, detection is enabled for process: 2557
INFO         | Initializing gfxstream backend
INFO         | startOpenglesRendererImpl: gpu info
INFO         | 
INFO         | initIcdPaths: ICD set to 'swiftshader', using Swiftshader ICD
INFO         | Setting ICD filenames for the loader = /usr/local/lib/android/sdk/emulator/lib64/vulkan/vk_swiftshader_icd.json
INFO         | SharedLibrary::open for [/usr/local/lib/android/sdk/emulator/qemu/linux-x86_64/lib64/vulkan/libvulkan.so]
INFO         | SharedLibrary::open for [/usr/local/lib/android/sdk/emulator/qemu/linux-x86_64/lib64/vulkan/libvulkan.so.1]
INFO         | SharedLibrary::open for [/usr/local/lib/android/sdk/emulator/lib64/vulkan/libvulkan.so]
INFO         | Added library: /usr/local/lib/android/sdk/emulator/lib64/vulkan/libvulkan.so
INFO         | Selecting Vulkan device: SwiftShader Device (Subzero), Version: 1.3.0
INFO         | Using Vulkan externalMemoryMode: OpaqueFd for VkEmulation
INFO         | Format VK_FORMAT_G10X6_B10X6R10X6_2PLANE_422_UNORM_3PACK16 does not support YCbCr sampler conversion
INFO         | SharedLibrary::open for [libX11]
WARNING      | Could not open libX11.so, try libX11.so.6
INFO         | SharedLibrary::open for [libX11.so.6]
INFO         | SharedLibrary::open for [libX11-xcb]
WARNING      | Could not open libX11-xcb.so, try libX11-xcb.so.1
INFO         | SharedLibrary::open for [libX11-xcb.so.1]
INFO         | Initializing VkEmulation features:
INFO         |     glInteropSupported: false
INFO         |     useDeferredCommands: true
INFO         |     createResourceWithRequirements: true
INFO         |     useVulkanComposition: false
INFO         |     useVulkanNativeSwapchain: false
INFO         |     enable guestRenderDoc: false
INFO         |     ASTC LDR emulation mode: Gpu
INFO         |     enable ETC2 emulation: true
INFO         |     enable Ycbcr emulation: false
INFO         |     guestVulkanOnly: false
INFO         |     useDedicatedAllocations: false
INFO         |     guestVulkanMaxApiVersion: 1.3.0
INFO         |     enableProtectedMemoryEmulation: false
INFO         | Graphics Adapter Vendor Google (Google Inc.)
INFO         | Graphics Adapter Android Emulator OpenGL ES Translator (Google SwiftShader)
INFO         | Graphics API Version OpenGL ES 3.0 (OpenGL ES 3.0 SwiftShader 4.0.0.1)
INFO         | Graphics API Extensions GL_OES_EGL_sync GL_OES_EGL_image GL_OES_EGL_image_external GL_OES_depth24 GL_OES_depth32 GL_OES_element_index_uint GL_OES_texture_float GL_OES_texture_float_linear GL_OES_compressed_paletted_texture GL_OES_compressed_ETC1_RGB8_texture GL_OES_depth_texture GL_OES_texture_half_float GL_OES_texture_half_float_linear GL_OES_packed_depth_stencil GL_OES_vertex_half_float GL_OES_standard_derivatives GL_OES_texture_npot GL_OES_rgb8_rgba8 GL_EXT_color_buffer_float GL_EXT_color_buffer_half_float GL_EXT_texture_format_BGRA8888 GL_APPLE_texture_format_BGRA8888 
INFO         | Graphics Device Extensions N/A
INFO         | Disabling sparse binding feature support
INFO         | Sending adb public key [QAAAAKEuQ5SfypssHjMQkNbfKiYMG9TXre+V3YSASzZtqXMKdg8S2/vFTJOTWMIEHpz3uR+8+u2As5M5hwLSph4bHyLzjuYQ9dH50AVLAV1k+CqpmkEBeD6BELCwH2dTObiBriwGNbyhuzLD4koMMFrJAmbkpOPSu435S8igr/833bSnlCv0tQfKDC2M4jfIDX3z5ptud680hGmH5pAFr+g7wgNcygz30tX5v8fXq21ye26aGzeRugJCmM+Yyoar7zd36qnA2/tph6555smtz4Pu1gM9VWWp35NCQMJixnoGcK4ShfSvDKG+qANAiWKZFkPCTlBws7N36sy3xEDrqvXpYPnkL+W5hgsgPAIpdsbuCM9ykGkjgvcQfONstZpOkHt075wi5YpuNEVrvCiiL+IgCH29ctRHexRmIcnb7mkg+2j6sOnUg3UyO4/VQ7YnnuB8duVrxVEY0Q/MqQWKtrWNZ+EP0Be4QReKntZ4b0vK+vg6sqYpqUowNnyTUvMJirhs7RuMFQzWWDoYriikztkrveTF5Ds9FtIxqt8CdKeoskJOI4NVG4vXPpWAW1o/wOf9ssM9YtxRiItg4XXBMev3ZJIdQgovlRQ0xnzh1qaAa5Fgy52hhk1FQvXtMowG3W2/6smv3MJgSc+EIAM6/UqNoLJqz/bELNjBZdAg7ny3l0nTXCGopwEAAQA= runner@unknown]
INFO         | Userspace boot properties:
INFO         |   androidboot.boot_devices=pci0000:00/0000:00:03.0 pci0000:00/0000:00:06.0
INFO         |   androidboot.dalvik.vm.heapsize=576m
INFO         |   androidboot.debug.hwui.renderer=skiagl
INFO         |   androidboot.debug.sf.nobootanimation=1
INFO         |   androidboot.hardware=ranchu
INFO         |   androidboot.hardware.gltransport=pipe
INFO         |   androidboot.hardware.vulkan=ranchu
INFO         |   androidboot.logcat=*:V
INFO         |   androidboot.opengles.version=196608
INFO         |   androidboot.qemu=1
INFO         |   androidboot.qemu.adb.pubkey=QAAAAKEuQ5SfypssHjMQkNbfKiYMG9TXre+V3YSASzZtqXMKdg8S2/vFTJOTWMIEHpz3uR+8+u2As5M5hwLSph4bHyLzjuYQ9dH50AVLAV1k+CqpmkEBeD6BELCwH2dTObiBriwGNbyhuzLD4koMMFrJAmbkpOPSu435S8igr/833bSnlCv0tQfKDC2M4jfIDX3z5ptud680hGmH5pAFr+g7wgNcygz30tX5v8fXq21ye26aGzeRugJCmM+Yyoar7zd36qnA2/tph6555smtz4Pu1gM9VWWp35NCQMJixnoGcK4ShfSvDKG+qANAiWKZFkPCTlBws7N36sy3xEDrqvXpYPnkL+W5hgsgPAIpdsbuCM9ykGkjgvcQfONstZpOkHt075wi5YpuNEVrvCiiL+IgCH29ctRHexRmIcnb7mkg+2j6sOnUg3UyO4/VQ7YnnuB8duVrxVEY0Q/MqQWKtrWNZ+EP0Be4QReKntZ4b0vK+vg6sqYpqUowNnyTUvMJirhs7RuMFQzWWDoYriikztkrveTF5Ds9FtIxqt8CdKeoskJOI4NVG4vXPpWAW1o/wOf9ssM9YtxRiItg4XXBMev3ZJIdQgovlRQ0xnzh1qaAa5Fgy52hhk1FQvXtMowG3W2/6smv3MJgSc+EIAM6/UqNoLJqz/bELNjBZdAg7ny3l0nTXCGopwEAAQA= runner@unknown
INFO         |   androidboot.qemu.avd_name=lab
INFO         |   androidboot.qemu.camera_hq_edge_processing=0
INFO         |   androidboot.qemu.camera_protocol_ver=1
INFO         |   androidboot.qemu.cpuvulkan.version=4206592
INFO         |   androidboot.qemu.gltransport.drawFlushInterval=800
INFO         |   androidboot.qemu.gltransport.name=pipe
INFO         |   androidboot.qemu.hwcodec.avcdec=2
INFO         |   androidboot.qemu.hwcodec.hevcdec=2
INFO         |   androidboot.qemu.hwcodec.vpxdec=2
INFO         |   androidboot.qemu.settings.system.screen_off_timeout=2147483647
INFO         |   androidboot.qemu.skin=1080x2400
INFO         |   androidboot.qemu.virtiowifi=1
INFO         |   androidboot.qemu.vsync=60
INFO         |   androidboot.serialno=EMULATOR37X2X12X0
INFO         |   androidboot.vbmeta.digest=01574858046822a5332e63c9ade783384050332d37fd75d96b718bc1c0f2887a
INFO         |   androidboot.vbmeta.hash_alg=sha256
INFO         |   androidboot.vbmeta.size=6720
INFO         |   androidboot.veritymode=enforcing
WARNING: cannnot unmap ptr 0x7fd0b0801000 as it is in the protected range from 0x7fd010800000 to 0x7fd0b0a00000
INFO         | Monitoring duration of emulator setup.
WARNING      | The emulator now requires a signed jwt token for gRPC access! Use the -grpc flag if you really want an open unprotected grpc port
INFO         | Using security allow list from: /usr/local/lib/android/sdk/emulator/lib/emulator_access.json
INFO         | The active JSON Web Key Sets can be found here: /run/user/1001/avd/running/2557/jwks/491400be-a31c-4522-b0b6-2c6d9974783b/active.jwk
INFO         | Scanning /run/user/1001/avd/running/2557/jwks/491400be-a31c-4522-b0b6-2c6d9974783b for jwk keys.
INFO         | Started GRPC server at 127.0.0.1:8554, security: Local, auth: +token
INFO         | Advertising in: /run/user/1001/avd/running/pid_2557.ini
INFO         | Successfully initialized netsim WiFi
INFO         | Activated packet streamer for bluetooth emulation
INFO         | Setting display: 0 configuration to: 1080x2400, dpi: 420x420 
INFO         | setDisplayActiveConfig: id:0, 1080x2400
INFO         | emulatorSetupEnvironment: Environment scene is not required
USER_INFO    | Emulator is performing a full startup. This may take upto two minutes, or more.
WARNING      | Failed to process .ini file /home/runner/.android/emu-update-last-check.ini for reading.
WARNING      | Failed to process .ini file /home/runner/.android/emu-update-last-check.ini for reading.
INFO         | Boot completed in 37196 ms
INFO         | Increasing screen off timeout, logcat buffer size to 2M.
WARNING      | adb command '/usr/local/lib/android/sdk/platform-tools/adb -s emulator-5554 shell settings put system screen_off_timeout 2147483647 ' failed: 'adb: device offline'
WARNING      | adb command '/usr/local/lib/android/sdk/platform-tools/adb -s emulator-5554 shell settings put system screen_off_timeout 2147483647 ' failed: 'adb: device offline'
WARNING      | adb command '/usr/local/lib/android/sdk/platform-tools/adb -s emulator-5554 shell settings put system screen_off_timeout 2147483647 ' failed: 'adb: device offline'
WARNING      | adb command '/usr/local/lib/android/sdk/platform-tools/adb -s emulator-5554 shell settings put system screen_off_timeout 2147483647 ' failed: 'adb: device offline'
INFO         | Created VkInstance:0x559b72fd7000 for application:'Chromium' engine:''.
../../third_party/SwiftShader/src/Vulkan/VkPhysicalDevice.cpp:649 WARNING: UNSUPPORTED: curExtension->sType: 1000338000
../../third_party/SwiftShader/src/Vulkan/VkPhysicalDevice.cpp:649 WARNING: UNSUPPORTED: curExtension->sType: 1000437000
../../third_party/SwiftShader/src/Vulkan/VkPhysicalDevice.cpp:649 WARNING: UNSUPPORTED: curExtension->sType: 1000338000
../../third_party/SwiftShader/src/Vulkan/VkPhysicalDevice.cpp:649 WARNING: UNSUPPORTED: curExtension->sType: 1000437000
../../third_party/SwiftShader/src/Vulkan/VkPhysicalDevice.cpp:649 WARNING: UNSUPPORTED: curExtension->sType: 1000338000
../../third_party/SwiftShader/src/Vulkan/VkPhysicalDevice.cpp:649 WARNING: UNSUPPORTED: curExtension->sType: 1000437000
../../third_party/SwiftShader/src/Vulkan/VkPhysicalDevice.cpp:649 WARNING: UNSUPPORTED: curExtension->sType: 1000338000
../../third_party/SwiftShader/src/Vulkan/VkPhysicalDevice.cpp:649 WARNING: UNSUPPORTED: curExtension->sType: 1000437000
../../third_party/SwiftShader/src/Vulkan/VkPhysicalDevice.cpp:649 WARNING: UNSUPPORTED: curExtension->sType: 1000338000
../../third_party/SwiftShader/src/Vulkan/VkPhysicalDevice.cpp:649 WARNING: UNSUPPORTED: curExtension->sType: 1000437000
../../third_party/SwiftShader/src/Vulkan/VkPhysicalDevice.cpp:649 WARNING: UNSUPPORTED: curExtension->sType: 1000338000
../../third_party/SwiftShader/src/Vulkan/VkPhysicalDevice.cpp:649 WARNING: UNSUPPORTED: curExtension->sType: 1000437000
../../third_party/SwiftShader/src/Vulkan/VkPhysicalDevice.cpp:649 WARNING: UNSUPPORTED: curExtension->sType: 1000338000
../../third_party/SwiftShader/src/Vulkan/VkPhysicalDevice.cpp:649 WARNING: UNSUPPORTED: curExtension->sType: 1000437000
../../third_party/SwiftShader/src/Vulkan/VkPhysicalDevice.cpp:649 WARNING: UNSUPPORTED: curExtension->sType: 1000338000
../../third_party/SwiftShader/src/Vulkan/VkPhysicalDevice.cpp:649 WARNING: UNSUPPORTED: curExtension->sType: 1000437000
INFO         | Created VkDevice:0x559b74d7e010 for application:'Chromium' instance:0x559b72fd7000. ASTC emulation:on CPU decoding:off. Protected memory:off
../../third_party/SwiftShader/src/Vulkan/VkPhysicalDevice.cpp:649 WARNING: UNSUPPORTED: curExtension->sType: 1000338000
../../third_party/SwiftShader/src/Vulkan/VkPhysicalDevice.cpp:649 WARNING: UNSUPPORTED: curExtension->sType: 1000437000
../../third_party/SwiftShader/src/Vulkan/VkPhysicalDevice.cpp:649 WARNING: UNSUPPORTED: curExtension->sType: 1000338000
../../third_party/SwiftShader/src/Vulkan/VkPhysicalDevice.cpp:649 WARNING: UNSUPPORTED: curExtension->sType: 1000437000
../../third_party/SwiftShader/src/Vulkan/VkPhysicalDevice.cpp:649 WARNING: UNSUPPORTED: curExtension->sType: 1000338000
../../third_party/SwiftShader/src/Vulkan/VkPhysicalDevice.cpp:649 WARNING: UNSUPPORTED: curExtension->sType: 1000437000
../../third_party/SwiftShader/src/Vulkan/VkPhysicalDevice.cpp:649 WARNING: UNSUPPORTED: curExtension->sType: 1000338000
../../third_party/SwiftShader/src/Vulkan/VkPhysicalDevice.cpp:649 WARNING: UNSUPPORTED: curExtension->sType: 1000437000
../../third_party/SwiftShader/src/Vulkan/VkPhysicalDevice.cpp:649 WARNING: UNSUPPORTED: curExtension->sType: 1000338000
../../third_party/SwiftShader/src/Vulkan/VkPhysicalDevice.cpp:649 WARNING: UNSUPPORTED: curExtension->sType: 1000437000
../../third_party/SwiftShader/src/Vulkan/VkPhysicalDevice.cpp:649 WARNING: UNSUPPORTED: curExtension->sType: 1000338000
../../third_party/SwiftShader/src/Vulkan/VkPhysicalDevice.cpp:649 WARNING: UNSUPPORTED: curExtension->sType: 1000437000
../../third_party/SwiftShader/src/Vulkan/VkPhysicalDevice.cpp:649 WARNING: UNSUPPORTED: curExtension->sType: 1000338000
../../third_party/SwiftShader/src/Vulkan/VkPhysicalDevice.cpp:649 WARNING: UNSUPPORTED: curExtension->sType: 1000437000
../../third_party/SwiftShader/src/Vulkan/VkPhysicalDevice.cpp:649 WARNING: UNSUPPORTED: curExtension->sType: 1000338000
../../third_party/SwiftShader/src/Vulkan/VkPhysicalDevice.cpp:649 WARNING: UNSUPPORTED: curExtension->sType: 1000437000
